// Jest Snapshot v1, https://goo.gl/fbAQLP

exports[`<PlayStarships /> renders correctly 1`] = `
<div>
  <h4
    data-testid="starships-chosen"
  >
    You've chosen Starships to play
  </h4>
  <div
    class="MuiGrid-root MuiGrid-container MuiGrid-spacing-xs-2 css-mhc70k-MuiGrid-root"
  />
  <p>
    There is no winner
  </p>
  <p>
    Click the button to choose two cards:
  </p>
  <button
    class="MuiButton-root MuiButton-contained MuiButton-containedPrimary MuiButton-sizeMedium MuiButton-containedSizeMedium MuiButtonBase-root  css-sghohy-MuiButtonBase-root-MuiButton-root"
    data-testid="play-btn-starship"
    tabindex="0"
    type="button"
  >
    Play
    <span
      class="MuiTouchRipple-root css-8je8zh-MuiTouchRipple-root"
    />
  </button>
  <button
    class="MuiButton-root MuiButton-outlined MuiButton-outlinedPrimary MuiButton-sizeMedium MuiButton-outlinedSizeMedium MuiButtonBase-root  css-1rwt2y5-MuiButtonBase-root-MuiButton-root"
    tabindex="0"
    type="button"
  >
    Reset game
    <span
      class="MuiTouchRipple-root css-8je8zh-MuiTouchRipple-root"
    />
  </button>
</div>
`;
